
> kbusiness@0.1.0 build
> next build

node.exe : [baseline-browser-mapping] The 
data in this module is over two months old.  
To ensure accurate Baseline data, please 
update: `npm i 
baseline-browser-mapping@latest -D`
At line:1 char:1
+ & "C:\Program Files\nodejs/node.exe" 
"C:\Users\erove\AppData\Roaming\ ...
+ ~~~~~~~~~~~~~~~~~~~~~~~~~~~~~~~~~~~~~~~~~~~
~~~~~~~~~~~~~~~~~~~~~~~~~~
    + CategoryInfo          : NotSpecified:  
   ([baseline-brows...ping@latest -D`:Strin  
  g) [], RemoteException
    + FullyQualifiedErrorId : NativeCommandE 
   rror
 
   Γû▓ Next.js 16.0.8 (Turbopack)
   - Environments: .env.local

 ΓÜá The "middleware" file convention is 
deprecated. Please use "proxy" instead. 
Learn more: https://nextjs.org/docs/messages/
middleware-to-proxy
   Creating an optimized production build ...
[baseline-browser-mapping] The data in this 
module is over two months old.  To ensure 
accurate Baseline data, please update: `npm 
i baseline-browser-mapping@latest -D`
 Γ£ô Compiled successfully in 10.0s
   Running TypeScript ...
Failed to compile.

./app/(dashboard)/tools/pdf-suite/_lib/pdf/pr
ocessors/invert-colors.ts:80:27
Type error: Argument of type '{ 
canvasContext: CanvasRenderingContext2D; 
viewport: PageViewport; }' is not assignable 
to parameter of type 'RenderParameters'.
  Property 'canvas' is missing in type '{ 
canvasContext: CanvasRenderingContext2D; 
viewport: PageViewport; }' but required in 
type 'RenderParameters'.

[0m [90m 78 |[39m         [36mconst[39m 
ctx [33m=[39m canvas[33m.[39mgetContext(
[32m'2d'[39m)[33m![39m[33m;[39m
 [90m 79 |[39m
[31m[1m>[22m[39m[90m 80 |[39m         
[36mawait[39m page[33m.[39mrender({
 [90m    |[39m                           
[31m[1m^[22m[39m
 [90m 81 |[39m           
canvasContext[33m:[39m ctx[33m,[39m
 [90m 82 |[39m           
viewport[33m:[39m renderViewport[33m,[39m
 [90m 83 |[39m         
})[33m.[39mpromise[33m;[39m[0m
Next.js build worker exited with code: 1 and 
signal: null
