app/admin/courses/[courseId]/_components/premium-form.tsx(44,9): error TS2322: Type 'Resolver<{ isPremium?: boolean | undefined; }, any, { isPremium: boolean; }>' is not assignable to type 'Resolver<{ isPremium: boolean; }, any, { isPremium: boolean; }>'.
  Types of parameters 'options' and 'options' are incompatible.
    Type 'ResolverOptions<{ isPremium: boolean; }>' is not assignable to type 'ResolverOptions<{ isPremium?: boolean | undefined; }>'.
      Type 'boolean | undefined' is not assignable to type 'boolean'.
        Type 'undefined' is not assignable to type 'boolean'.
app/admin/courses/[courseId]/_components/premium-form.tsx(86,53): error TS2345: Argument of type '(values: z.infer<typeof formSchema>) => Promise<void>' is not assignable to parameter of type 'SubmitHandler<TFieldValues>'.
  Types of parameters 'values' and 'data' are incompatible.
    Type 'TFieldValues' is not assignable to type '{ isPremium: boolean; }'.
      Property 'isPremium' is missing in type 'FieldValues' but required in type '{ isPremium: boolean; }'.
app/admin/courses/[courseId]/_components/premium-form.tsx(90,29): error TS2322: Type 'Control<{ isPremium: boolean; }, any, TFieldValues>' is not assignable to type 'Control<{ isPremium: boolean; }, any, { isPremium: boolean; }>'.
  The types of '_options.resolver' are incompatible between these types.
    Type 'Resolver<{ isPremium: boolean; }, any, TFieldValues> | undefined' is not assignable to type 'Resolver<{ isPremium: boolean; }, any, { isPremium: boolean; }> | undefined'.
      Type 'Resolver<{ isPremium: boolean; }, any, TFieldValues>' is not assignable to type 'Resolver<{ isPremium: boolean; }, any, { isPremium: boolean; }>'.
        Type 'ResolverResult<{ isPremium: boolean; }, TFieldValues> | Promise<ResolverResult<{ isPremium: boolean; }, TFieldValues>>' is not assignable to type 'ResolverResult<{ isPremium: boolean; }, { isPremium: boolean; }> | Promise<ResolverResult<{ isPremium: boolean; }, { isPremium: boolean; }>>'.
          Type 'ResolverSuccess<TFieldValues>' is not assignable to type 'ResolverResult<{ isPremium: boolean; }, { isPremium: boolean; }> | Promise<ResolverResult<{ isPremium: boolean; }, { isPremium: boolean; }>>'.
            Type 'ResolverSuccess<TFieldValues>' is not assignable to type 'ResolverSuccess<{ isPremium: boolean; }>'.
              Type 'TFieldValues' is not assignable to type '{ isPremium: boolean; }'.
                Property 'isPremium' is missing in type 'FieldValues' but required in type '{ isPremium: boolean; }'.
